################################################################################
#
# This file has been generated by SpyGlass:
#     Report Created by: ICer
#     Report Created on: Wed Sep 16 09:10:09 2026
#     Working Directory: /home/ICer/zigbee/spyglass/lint_rtl/run
#     Report Location  : ./spyglass-1/zigbee_phy_tx/lint/lint_rtl/spyglass_reports/SpyGlass/elab_summary.rpt
#     SpyGlass Version : SpyGlass_vL-2016.06
#     Policy Name      : SpyGlass(SpyGlass_vL-2016.06)
#     Comment          : This report contains RTL and Elaborated names along with parameter values
#
################################################################################

================================================================================
Elaborated Name: 'master_ctrl_fsm'
    (RTL Design Unit name: 'master_ctrl_fsm', ../rtl/master_ctrl_fsm.v:14)
     Parameters (Total: 4)
         idle              = 0 (default: 2'b00)
         send_preample_sfd = 1 (default: 2'b01)
         send_payload      = 2 (default: 2'b10)
         wait_mod_done     = 3 (default: 2'b11)
     Instances (Total: 1): zigbee_phy_tx.u_ctrl_fsm 

================================================================================

Elaborated Name: 'payload_ram'
    (RTL Design Unit name: 'payload_ram', ../rtl/payload_ram.v:22)
     Parameters (Total: 0)
     Instances (Total: 1): zigbee_phy_tx.u_payload_ram 

================================================================================

Elaborated Name: 'WORK_mux2x1_8'
    (RTL Design Unit name: 'mux2x1', ../rtl/mux2x1.v:1)
     Parameters (Total: 1)
         DATA_WIDTH = 8 (default: 4)
     Instances (Total: 1): zigbee_phy_tx.u_zp_mux 

================================================================================

Elaborated Name: 'zero_padder'
    (RTL Design Unit name: 'zero_padder', ../rtl/zero_padder.v:10)
     Parameters (Total: 4)
         idle            = 0 (default: 2'b00)
         sending_phr     = 1 (default: 2'b01)
         sending_payload = 2 (default: 2'b10)
         padding         = 3 (default: 2'b11)
     Instances (Total: 1): zigbee_phy_tx.u_zp 

================================================================================

Elaborated Name: 'demux'
    (RTL Design Unit name: 'demux', ../rtl/demux.v:10)
     Parameters (Total: 0)
     Instances (Total: 1): zigbee_phy_tx.u_demux 

================================================================================

Elaborated Name: 'symbol_mapper'
    (RTL Design Unit name: 'symbol_mapper', ../rtl/symbol_mapper.v:1)
     Parameters (Total: 0)
     Instances (Total: 2): zigbee_phy_tx.u_sm_Q, zigbee_phy_tx.u_sm_I 

================================================================================

Elaborated Name: 'sm_ram'
    (RTL Design Unit name: 'sm_ram', ../rtl/symbol_mapper_RAM.v:1)
     Parameters (Total: 0)
     Instances (Total: 2): zigbee_phy_tx.u_sm_ram_Q, zigbee_phy_tx.u_sm_ram_I 

================================================================================

Elaborated Name: 'form_ppdu'
    (RTL Design Unit name: 'form_ppdu', ../rtl/form_ppdu.v:1)
     Parameters (Total: 2)
         DATA_WIDTH = 4 (default: 4)
         ADDR_WIDTH = 4 (default: 4)
     Instances (Total: 1): zigbee_phy_tx.u_form_ppdu 

================================================================================

Elaborated Name: 'WORK_mux2x1_4'
    (RTL Design Unit name: 'mux2x1', ../rtl/mux2x1.v:1)
     Parameters (Total: 1)
         DATA_WIDTH = 4 (default: 4)
     Instances (Total: 2): zigbee_phy_tx.u_form_ppdu.Q_mux, zigbee_phy_tx.u_form_ppdu.I_mux 

================================================================================

Elaborated Name: 'preamble_sfd_rom'
    (RTL Design Unit name: 'preamble_sfd_rom', ../rtl/preamble_sfd_rom.v:1)
     Parameters (Total: 2)
         ADDR_WIDTH = 4 (default: 4)
         DATA_WIDTH = 4 (default: 4)
     Instances (Total: 1): zigbee_phy_tx.u_form_ppdu.rom_dut 

================================================================================

Elaborated Name: 'piso'
    (RTL Design Unit name: 'piso', ../rtl/piso.v:1)
     Parameters (Total: 1)
         DATA_WIDTH = 4 (default: 4)
     Instances (Total: 2): zigbee_phy_tx.u_form_ppdu.Q_piso, zigbee_phy_tx.u_form_ppdu.I_piso 

================================================================================

Elaborated Name: 'qpsk_dqpsk_chirp_top'
    (RTL Design Unit name: 'qpsk_dqpsk_chirp_top', ../rtl/qpsk_dqpsk_chirp_top.v:6)
     Parameters (Total: 0)
     Instances (Total: 1): zigbee_phy_tx.u_mod_top 

================================================================================

Elaborated Name: 'qpsk_mapper'
    (RTL Design Unit name: 'qpsk_mapper', ../rtl/qpsk_mapper.v:1)
     Parameters (Total: 0)
     Instances (Total: 1): zigbee_phy_tx.u_mod_top.u_qpsk 

================================================================================

Elaborated Name: 'dqpsk_encoder'
    (RTL Design Unit name: 'dqpsk_encoder', ../rtl/dqpsk_encoder.v:1)
     Parameters (Total: 0)
     Instances (Total: 1): zigbee_phy_tx.u_mod_top.u_dqpsk 

================================================================================

Elaborated Name: 'chirp_modulation'
    (RTL Design Unit name: 'chirp_modulation', ../rtl/chirp_modulation.v:7)
     Parameters (Total: 7)
         TSUB      = 38 (default: 38)
         TGAP_EVEN = 10 (default: 10)
         TGAP_ODD  = 70 (default: 70)
         S_IDLE    = 0 (default: 2'b00)
         S_REQ     = 1 (default: 2'b01)
         S_STREAM  = 2 (default: 2'b10)
         S_GAP     = 3 (default: 2'b11)
     Instances (Total: 1): zigbee_phy_tx.u_mod_top.u_chirp 

================================================================================

Elaborated Name: 'zigbee_phy_tx'
    (RTL Design Unit name: 'zigbee_phy_tx', ../rtl/zigbee_phy_tx.v:13)
     Parameters (Total: 0)
================================================================================
