#@ # 
#@ # Running icc2_shell Version O-2018.06-SP1 for linux64 -- Jul 17, 2018
#@ # Date:   Fri Sep 18 17:07:42 2026
#@ # Run by: ICer@IC_EDA
#@ 

open_block zigbee_phy_tx_routing
set design         "zigbee_phy_tx"
set prev_stage     "cts"
set current_stage  "routing"
open_lib ../../2_design_lib/results/${design}.dlib
open_block ${design}_${current_stage}
start_gui
gui_set_pref_value -category {SelectByNamePalette} -key {ObjectType} -value {Logical Cells}
link_block
win_set_filter -visible -class cell -filter {hard_macro_margin hard_margin route_blockage_margin soft_margin}
win_set_filter -visible -class placement_blockage -filter {wiring} -layer {0-77}
win_set_filter -expand_cell_types {soft_macro  }
win_set_select_class -visible {cell port bound routing_blockage shaping_blockage pg_region pin_blockage block_shielding topology_node topology_edge core_area die_area edit_group shape via terminal fill_cell placement_blockage }
win_set_filter -class cell -filter {cell_array hard_macro_margin hard_margin route_blockage_margin soft_margin}
win_set_filter -class placement_blockage -filter {wiring} -layer {0-77}
win_set_select_class {cell port bound routing_blockage shaping_blockage pg_region pin_blockage topology_node topology_edge edit_group shape via placement_blockage }
sizeof_collection [get_cells "DECAP_*"]
sizeof_collection [get_cells "ROUTE_*"]
sizeof_collection [get_cells "FILLER*"]
report_qor -summary
check_routes
gui_zoom -window [gui_get_current_window -types Layout -view] -factor 2 -at_point {323.020 362.690}
gui_zoom -window [gui_get_current_window -types Layout -view] -factor 2 -at_point {327.860 358.045}
gui_zoom -window [gui_get_current_window -types Layout -view] -factor 2 -at_point {327.860 358.045}
gui_zoom -window [gui_get_current_window -types Layout -view] -factor 2 -at_point {327.860 358.045}
gui_zoom -window [gui_get_current_window -types Layout -view] -factor 2 -at_point {327.860 358.045}
gui_zoom -window [gui_get_current_window -types Layout -view] -factor 0.5 -at_point {328.310 355.715}
gui_zoom -window [gui_get_current_window -types Layout -view] -factor 0.5 -at_point {328.310 355.715}
gui_zoom -window [gui_get_current_window -types Layout -view] -factor 0.5 -at_point {340.605 355.150}
gui_zoom -window [gui_get_current_window -types Layout -view] -factor 0.5 -at_point {348.135 354.570}
gui_zoom -window [gui_get_current_window -types Layout -view] -factor 0.5 -at_point {360.300 339.510}
sizeof_collection [get_cells "DECAP_*"]
sizeof_collection [get_cells "FILLER*"]
sizeof_collection [get_cells -filter "ref_name =~ *DCAP*"]
sizeof_collection [get_cells -filter "ref_name =~ *SHFILL*"]
